               total        used        free      shared  buff/cache   available
Mem:            3383        2626         314          81         697         756
Swap:           3894         525        3369
 01:41:01 up  1:38,  2 users,  load average: 0.00, 0.02, 0.00
=========================================
     ENTERPRISE SYSTEM HEALTH CHECK      
=========================================
💾 Disk Space Total: 29 GB
💾 Disk Space Used : 12 GB
💾 Disk Space Free : 15 GB

🧠 Memory Allocation Status (in MB):

⏱️  System Uptime Status:
=========================================
               total        used        free      shared  buff/cache   available
Mem:            3383        2628         312          81         697         754
Swap:           3894         524        3370
 01:42:01 up  1:39,  2 users,  load average: 0.00, 0.02, 0.00
=========================================
     ENTERPRISE SYSTEM HEALTH CHECK      
=========================================
💾 Disk Space Total: 29 GB
💾 Disk Space Used : 12 GB
💾 Disk Space Free : 15 GB

🧠 Memory Allocation Status (in MB):

⏱️  System Uptime Status:
=========================================
               total        used        free      shared  buff/cache   available
Mem:            3383        2645         295          81         697         738
Swap:           3894         524        3370
 01:43:01 up  1:40,  2 users,  load average: 0.07, 0.03, 0.00
=========================================
     ENTERPRISE SYSTEM HEALTH CHECK      
=========================================
💾 Disk Space Total: 29 GB
💾 Disk Space Used : 12 GB
💾 Disk Space Free : 15 GB

🧠 Memory Allocation Status (in MB):

⏱️  System Uptime Status:
=========================================
               total        used        free      shared  buff/cache   available
Mem:            3383        2644         295          81         697         738
Swap:           3894         524        3370
 01:44:01 up  1:41,  2 users,  load average: 0.07, 0.04, 0.00
=========================================
     ENTERPRISE SYSTEM HEALTH CHECK      
=========================================
💾 Disk Space Total: 29 GB
💾 Disk Space Used : 12 GB
💾 Disk Space Free : 15 GB

🧠 Memory Allocation Status (in MB):

⏱️  System Uptime Status:
=========================================
               total        used        free      shared  buff/cache   available
Mem:            3383        2643         297          81         698         740
Swap:           3894         524        3370
 01:45:01 up  1:42,  2 users,  load average: 0.10, 0.06, 0.01
=========================================
     ENTERPRISE SYSTEM HEALTH CHECK      
=========================================
💾 Disk Space Total: 29 GB
💾 Disk Space Used : 12 GB
💾 Disk Space Free : 15 GB

🧠 Memory Allocation Status (in MB):

⏱️  System Uptime Status:
=========================================
               total        used        free      shared  buff/cache   available
Mem:            3383        2647         292          81         698         735
Swap:           3894         524        3370
 01:46:01 up  1:43,  2 users,  load average: 0.04, 0.04, 0.00
=========================================
     ENTERPRISE SYSTEM HEALTH CHECK      
=========================================
💾 Disk Space Total: 29 GB
💾 Disk Space Used : 12 GB
💾 Disk Space Free : 15 GB

🧠 Memory Allocation Status (in MB):

⏱️  System Uptime Status:
=========================================
               total        used        free      shared  buff/cache   available
Mem:            3383        2651         288          81         698         731
Swap:           3894         524        3370
 01:47:01 up  1:44,  2 users,  load average: 0.01, 0.03, 0.00
=========================================
     ENTERPRISE SYSTEM HEALTH CHECK      
=========================================
💾 Disk Space Total: 29 GB
💾 Disk Space Used : 12 GB
💾 Disk Space Free : 15 GB

🧠 Memory Allocation Status (in MB):

⏱️  System Uptime Status:
=========================================
               total        used        free      shared  buff/cache   available
Mem:            3383        2648         291          81         698         734
Swap:           3894         524        3370
 01:48:01 up  1:45,  2 users,  load average: 0.08, 0.04, 0.01
=========================================
     ENTERPRISE SYSTEM HEALTH CHECK      
=========================================
💾 Disk Space Total: 29 GB
💾 Disk Space Used : 12 GB
💾 Disk Space Free : 15 GB

🧠 Memory Allocation Status (in MB):

⏱️  System Uptime Status:
=========================================
